

In terminal (VS Code)

# To initialize empty Git Repository
PS C:\PythonTR> git init 
Initialized empty Git repository in C:/PythonTR/.git/

# To add files into local Git repository 
PS C:\PythonTR> git add .
PS C:\PythonTR> git commit -m  "first commit"
Author identity unknown

Run

  git config --global user.email "you@example.com"
  git config --global user.name "Your Name"

to set your account's default identity.
Omit --global to set the identity only in this repository.

fatal: unable to auto-detect email address (got 'Student_16@DESKTOP-RALGV32.(none)')

# Tp link the own Git Hup account
PS C:\PythonTR> git config --global user.email "upulnisantha69@gmail.com"
PS C:\PythonTR> git config --global user.name "UpulnPerera"     
PS C:\PythonTR> 

PS C:\PythonTR> git branch -M main
PS C:\PythonTR> git remote add origin https://github.com/UpulnPerera/PyPrg.git
PS C:\PythonTR> git push -u origin main

PS C:\PythonTR> git checkout Test2
error: pathspec 'Test2' did not match any file(s) known to git
PS C:\PythonTR> git branch Test2  
PS C:\PythonTR> git branch        
  Test2
* main
PS C:\PythonTR> git checkout Test2
Switched to branch 'Test2'
PS C:\PythonTR> git branch        
* Test2
  main
PS C:\PythonTR> 